\BOOKMARK [0][]{xynuchapter.1.0}{\376\377\134\001\227\142}{}% 1
\BOOKMARK [0][]{xynuchapter.2.0}{\376\377\000T\000i\000t\000l\000e\000\040\000p\000a\000g\000e}{}% 2
\BOOKMARK [0][]{xynuchapter.3.0}{\376\377\123\237\122\033\140\047\124\214\143\210\147\103\117\177\165\050\130\360\146\016}{}% 3
\BOOKMARK [0][]{xynuchapter.4.0}{\376\377\144\130\211\201}{}% 4
\BOOKMARK [0][]{chapter*.5}{\376\377\144\130\211\201}{}% 5
\BOOKMARK [0][]{xynuchapter.5.0}{\376\377\000A\000b\000s\000t\000r\000a\000c\000t}{}% 6
\BOOKMARK [0][]{chapter*.7}{\376\377\000A\000b\000s\000t\000r\000a\000c\000t}{}% 7
\BOOKMARK [0][]{xynuchapter.6.0}{\376\377\166\356\000\040\137\125}{}% 8
\BOOKMARK [0][]{xynuchapter.7.0}{\376\377\116\073\211\201\173\046\123\367\210\150}{}% 9
\BOOKMARK [0][]{chapter.1}{\376\377\173\054\0001\172\340\000\040\173\200\116\313}{}% 10
\BOOKMARK [1][-]{section.1.1}{\376\377\0001\000.\0001\000\040\116\000\176\247\202\202\150\007\230\230\377\032\116\313\176\315}{chapter.1}% 11
\BOOKMARK [2][-]{subsection.1.1.1}{\376\377\0001\000.\0001\000.\0001\000\040\116\214\176\247\202\202\150\007\230\230\377\032\143\222\162\110\155\113\213\325}{section.1.1}% 12
\BOOKMARK [1][-]{section.1.2}{\376\377\0001\000.\0002\000\040\201\032\154\350}{chapter.1}% 13
\BOOKMARK [0][]{chapter.2}{\376\377\173\054\0002\172\340\000\040\143\322\126\376\124\214\210\150\150\074}{}% 14
\BOOKMARK [1][-]{section.2.1}{\376\377\0002\000.\0001\000\040\210\150\150\074}{chapter.2}% 15
\BOOKMARK [1][-]{section.2.2}{\376\377\0002\000.\0002\000\040\143\322\126\376}{chapter.2}% 16
\BOOKMARK [1][-]{section.2.3}{\376\377\0002\000.\0003\000\040\173\227\154\325\163\257\130\203}{chapter.2}% 17
\BOOKMARK [0][]{chapter.3}{\376\377\173\054\0003\172\340\000\040\145\160\133\146\173\046\123\367\124\214\121\154\137\017}{}% 18
\BOOKMARK [1][-]{section.3.1}{\376\377\0003\000.\0001\000\040\145\160\133\146\173\046\123\367}{chapter.3}% 19
\BOOKMARK [1][-]{section.3.2}{\376\377\0003\000.\0002\000\040\145\160\133\146\121\154\137\017}{chapter.3}% 20
\BOOKMARK [1][-]{section.3.3}{\376\377\0003\000.\0003\000\040\221\317\124\214\123\125\117\115}{chapter.3}% 21
\BOOKMARK [1][-]{section.3.4}{\376\377\0003\000.\0004\000\040\133\232\164\006\124\214\213\301\146\016}{chapter.3}% 22
\BOOKMARK [0][]{chapter.4}{\376\377\173\054\0004\172\340\000\040\137\025\165\050\145\207\163\056\166\204\150\007\154\350}{}% 23
\BOOKMARK [1][-]{section.4.1}{\376\377\0004\000.\0001\000\040\230\172\136\217\177\026\170\001\122\066}{chapter.4}% 24
\BOOKMARK [1][-]{section.4.2}{\376\377\0004\000.\0002\000\040\204\127\200\005\000-\121\372\162\110\136\164\122\066}{chapter.4}% 25
\BOOKMARK [0][]{chapter*.17}{\376\377\123\302\200\003\145\207\163\056}{}% 26
\BOOKMARK [0][]{appendix.A}{\376\377\226\104\137\125\000\040\000A\000\040}{}% 27
\BOOKMARK [1][-]{section.A.1}{\376\377\000A\000.\0001\000\040\210\145\121\105\172\340\202\202}{appendix.A}% 28
\BOOKMARK [0][]{appendix*.18}{\376\377\201\364\214\042}{}% 29
\BOOKMARK [0][]{appendix*.19}{\376\377\145\073\213\373\133\146\117\115\147\037\225\364\203\267\137\227\116\016\133\146\117\115\213\272\145\207\166\370\121\163\166\204\171\321\170\024\142\020\147\234\166\356\137\125}{}% 30
